
SQL*Plus: Release 11.2.0.2.0 Production on Sun May 10 03:21:01 2026

Copyright (c) 1982, 2014, Oracle.  All rights reserved.


Connected to:
Oracle Database 11g Express Edition Release 11.2.0.2.0 - 64bit Production

SQL> SET FEEDBACK ON
SQL> WHENEVER SQLERROR EXIT SQL.SQLCODE
SQL> SELECT table_name FROM user_tables WHERE table_name IN ('SESSIONS','AUTH_USERS','GROUP_MEMBERS','GROUPS','REVIEWS','USER_PROFILES','SKILLS','AVAILABILITY','MENTOR','MENTOR_SKILL','HTE_REVIEWS');

TABLE_NAME
------------------------------
AUTH_USERS
AVAILABILITY
GROUPS
GROUP_MEMBERS
HTE_REVIEWS
MENTOR
MENTOR_SKILL
REVIEWS
SESSIONS
SKILLS
USER_PROFILES

11 rows selected.

SQL> EXIT;
Disconnected from Oracle Database 11g Express Edition Release 11.2.0.2.0 - 64bit Production
